Plugins are disabled.
ICU Initialization returned: U_ZERO_ERROR
